// Vitest Snapshot v1, https://vitest.dev/guide/snapshot.html

exports[`E2E Tests > should successfully send schema to API and receive valid response > api-response-structure.json 1`] = `
{
  "active": true,
  "createdAt": "[TIMESTAMP]",
  "description": null,
  "expiredAt": null,
  "hash": "80803cd899367e64691f94f6a83b6121",
  "id": "[UUID]",
  "modifiedAt": "[TIMESTAMP]",
  "name": "my-e2e-snapshot",
  "projectId": "[PROJECT_ID]",
  "reason": null,
  "size": 725,
  "status": "available",
}
`;
